2021-07-22T08:21:41+00:00 CRITICAL Uncaught Error: Undefined constant "slider_auto_height" in /var/www/vhosts/gerasko.dv.ancorathemes.com/gutentype.gerasko.dv.ancorathemes.com/wp-content/plugins/trx_addons/templates/tpl.sc_slider_start.php:24
Stack trace:
#0 /var/www/vhosts/gerasko.dv.ancorathemes.com/gutentype.gerasko.dv.ancorathemes.com/wp-content/plugins/trx_addons/includes/plugin.utils.php(543): include()
#1 /var/www/vhosts/gerasko.dv.ancorathemes.com/gutentype.gerasko.dv.ancorathemes.com/wp-content/plugins/trx_addons/components/shortcodes/shortcodes.php(384): trx_addons_get_template_part()
#2 /var/www/vhosts/gerasko.dv.ancorathemes.com/gutentype.gerasko.dv.ancorathemes.com/wp-content/plugins/trx_addons/components/shortcodes/blogger/tpl.default.php(118): trx_addons_sc_show_slider_wrap_start()
#3 /var/www/vhosts/gerasko.dv.ancorathemes.com/gutentype.gerasko.dv.ancorathemes.com/wp-content/plugins/trx_addons/includes/plugin.utils.php(543): include('...')
#4 /var/www/vhosts/gerasko.dv.ancorathemes.com/gutentype.gerasko.dv.ancorathemes.com/wp-content/plugins/trx_addons/components/shortcodes/blogger/blogger.php(125): trx_addons_get_template_part()
#5 /var/www/vhosts/gerasko.dv.ancorathemes.com/gutentype.gerasko.dv.ancorathemes.com/wp-content/plugins/trx_addons/components/api/elementor/elementor.php(812): trx_addons_sc_blogger()
#6 /var/www/vhosts/gerasko.dv.ancorathemes.com/gutentype.gerasko.dv.ancorathemes.com/wp-content/plugins/elementor/includes/base/controls-stack.php(1892): TRX_Addons_Elementor_Widget->render()
#7 /var/www/vhosts/gerasko.dv.ancorathemes.com/gutentype.gerasko.dv.ancorathemes.com/wp-content/plugins/elementor/includes/base/widget-base.php(567): Elementor\Controls_Stack->render_by_mode()
#8 /var/www/vhosts/gerasko.dv.ancorathemes.com/gutentype.gerasko.dv.ancorathemes.com/wp-content/plugins/elementor/includes/base/widget-base.php(708): Elementor\Widget_Base->render_content()
#9 /var/www/vhosts/gerasko.dv.ancorathemes.com/gutentype.gerasko.dv.ancorathemes.com/wp-content/plugins/elementor/includes/base/element-base.php(650): Elementor\Widget_Base->print_content()
#10 /var/www/vhosts/gerasko.dv.ancorathemes.com/gutentype.gerasko.dv.ancorathemes.com/wp-content/plugins/elementor/includes/base/element-base.php(911): Elementor\Element_Base->print_element()
#11 /var/www/vhosts/gerasko.dv.ancorathemes.com/gutentype.gerasko.dv.ancorathemes.com/wp-content/plugins/elementor/includes/base/element-base.php(650): Elementor\Element_Base->print_content()
#12 /var/www/vhosts/gerasko.dv.ancorathemes.com/gutentype.gerasko.dv.ancorathemes.com/wp-content/plugins/elementor/includes/base/element-base.php(911): Elementor\Element_Base->print_element()
#13 /var/www/vhosts/gerasko.dv.ancorathemes.com/gutentype.gerasko.dv.ancorathemes.com/wp-content/plugins/elementor/includes/base/element-base.php(650): Elementor\Element_Base->print_content()
#14 /var/www/vhosts/gerasko.dv.ancorathemes.com/gutentype.gerasko.dv.ancorathemes.com/wp-content/plugins/elementor/core/base/document.php(1485): Elementor\Element_Base->print_element()
#15 /var/www/vhosts/gerasko.dv.ancorathemes.com/gutentype.gerasko.dv.ancorathemes.com/wp-content/plugins/elementor/core/base/document.php(958): Elementor\Core\Base\Document->print_elements()
#16 /var/www/vhosts/gerasko.dv.ancorathemes.com/gutentype.gerasko.dv.ancorathemes.com/wp-content/plugins/elementor/includes/frontend.php(1029): Elementor\Core\Base\Document->print_elements_with_wrapper()
#17 /var/www/vhosts/gerasko.dv.ancorathemes.com/gutentype.gerasko.dv.ancorathemes.com/wp-content/plugins/elementor/includes/frontend.php(943): Elementor\Frontend->get_builder_content()
#18 /var/www/vhosts/gerasko.dv.ancorathemes.com/gutentype.gerasko.dv.ancorathemes.com/wp-includes/class-wp-hook.php(303): Elementor\Frontend->apply_builder_in_content()
#19 /var/www/vhosts/gerasko.dv.ancorathemes.com/gutentype.gerasko.dv.ancorathemes.com/wp-includes/plugin.php(189): WP_Hook->apply_filters()
#20 /var/www/vhosts/gerasko.dv.ancorathemes.com/gutentype.gerasko.dv.ancorathemes.com/wp-includes/post-template.php(253): apply_filters()
#21 /var/www/vhosts/gerasko.dv.ancorathemes.com/gutentype.gerasko.dv.ancorathemes.com/wp-content/themes/gutentype/content-page.php(53): the_content()
#22 /var/www/vhosts/gerasko.dv.ancorathemes.com/gutentype.gerasko.dv.ancorathemes.com/wp-includes/template.php(772): require('...')
#23 /var/www/vhosts/gerasko.dv.ancorathemes.com/gutentype.gerasko.dv.ancorathemes.com/wp-includes/template.php(716): load_template()
#24 /var/www/vhosts/gerasko.dv.ancorathemes.com/gutentype.gerasko.dv.ancorathemes.com/wp-includes/general-template.php(204): locate_template()
#25 /var/www/vhosts/gerasko.dv.ancorathemes.com/gutentype.gerasko.dv.ancorathemes.com/wp-content/themes/gutentype/page.php(15): get_template_part()
#26 /var/www/vhosts/gerasko.dv.ancorathemes.com/gutentype.gerasko.dv.ancorathemes.com/wp-includes/template-loader.php(106): include('...')
#27 /var/www/vhosts/gerasko.dv.ancorathemes.com/gutentype.gerasko.dv.ancorathemes.com/wp-blog-header.php(19): require_once('...')
#28 /var/www/vhosts/gerasko.dv.ancorathemes.com/gutentype.gerasko.dv.ancorathemes.com/index.php(17): require('...')
#29 {main}
  thrown in /var/www/vhosts/gerasko.dv.ancorathemes.com/gutentype.gerasko.dv.ancorathemes.com/wp-content/plugins/trx_addons/templates/tpl.sc_slider_start.php on line 24

2021-07-22T08:24:23+00:00 CRITICAL Uncaught Error: Undefined constant "slider_auto_height" in /var/www/vhosts/gerasko.dv.ancorathemes.com/gutentype.gerasko.dv.ancorathemes.com/wp-content/plugins/trx_addons/templates/tpl.sc_slider_start.php:24
Stack trace:
#0 /var/www/vhosts/gerasko.dv.ancorathemes.com/gutentype.gerasko.dv.ancorathemes.com/wp-content/plugins/trx_addons/includes/plugin.utils.php(543): include()
#1 /var/www/vhosts/gerasko.dv.ancorathemes.com/gutentype.gerasko.dv.ancorathemes.com/wp-content/plugins/trx_addons/components/shortcodes/shortcodes.php(384): trx_addons_get_template_part()
#2 /var/www/vhosts/gerasko.dv.ancorathemes.com/gutentype.gerasko.dv.ancorathemes.com/wp-content/plugins/trx_addons/components/shortcodes/blogger/tpl.default.php(118): trx_addons_sc_show_slider_wrap_start()
#3 /var/www/vhosts/gerasko.dv.ancorathemes.com/gutentype.gerasko.dv.ancorathemes.com/wp-content/plugins/trx_addons/includes/plugin.utils.php(543): include('...')
#4 /var/www/vhosts/gerasko.dv.ancorathemes.com/gutentype.gerasko.dv.ancorathemes.com/wp-content/plugins/trx_addons/components/shortcodes/blogger/blogger.php(125): trx_addons_get_template_part()
#5 /var/www/vhosts/gerasko.dv.ancorathemes.com/gutentype.gerasko.dv.ancorathemes.com/wp-content/plugins/trx_addons/components/api/elementor/elementor.php(812): trx_addons_sc_blogger()
#6 /var/www/vhosts/gerasko.dv.ancorathemes.com/gutentype.gerasko.dv.ancorathemes.com/wp-content/plugins/elementor/includes/base/controls-stack.php(1892): TRX_Addons_Elementor_Widget->render()
#7 /var/www/vhosts/gerasko.dv.ancorathemes.com/gutentype.gerasko.dv.ancorathemes.com/wp-content/plugins/elementor/includes/base/widget-base.php(567): Elementor\Controls_Stack->render_by_mode()
#8 /var/www/vhosts/gerasko.dv.ancorathemes.com/gutentype.gerasko.dv.ancorathemes.com/wp-content/plugins/elementor/includes/base/widget-base.php(708): Elementor\Widget_Base->render_content()
#9 /var/www/vhosts/gerasko.dv.ancorathemes.com/gutentype.gerasko.dv.ancorathemes.com/wp-content/plugins/elementor/includes/base/element-base.php(650): Elementor\Widget_Base->print_content()
#10 /var/www/vhosts/gerasko.dv.ancorathemes.com/gutentype.gerasko.dv.ancorathemes.com/wp-content/plugins/elementor/includes/base/element-base.php(911): Elementor\Element_Base->print_element()
#11 /var/www/vhosts/gerasko.dv.ancorathemes.com/gutentype.gerasko.dv.ancorathemes.com/wp-content/plugins/elementor/includes/base/element-base.php(650): Elementor\Element_Base->print_content()
#12 /var/www/vhosts/gerasko.dv.ancorathemes.com/gutentype.gerasko.dv.ancorathemes.com/wp-content/plugins/elementor/includes/base/element-base.php(911): Elementor\Element_Base->print_element()
#13 /var/www/vhosts/gerasko.dv.ancorathemes.com/gutentype.gerasko.dv.ancorathemes.com/wp-content/plugins/elementor/includes/base/element-base.php(650): Elementor\Element_Base->print_content()
#14 /var/www/vhosts/gerasko.dv.ancorathemes.com/gutentype.gerasko.dv.ancorathemes.com/wp-content/plugins/elementor/core/base/document.php(1485): Elementor\Element_Base->print_element()
#15 /var/www/vhosts/gerasko.dv.ancorathemes.com/gutentype.gerasko.dv.ancorathemes.com/wp-content/plugins/elementor/core/base/document.php(958): Elementor\Core\Base\Document->print_elements()
#16 /var/www/vhosts/gerasko.dv.ancorathemes.com/gutentype.gerasko.dv.ancorathemes.com/wp-content/plugins/elementor/includes/frontend.php(1029): Elementor\Core\Base\Document->print_elements_with_wrapper()
#17 /var/www/vhosts/gerasko.dv.ancorathemes.com/gutentype.gerasko.dv.ancorathemes.com/wp-content/plugins/elementor/includes/frontend.php(943): Elementor\Frontend->get_builder_content()
#18 /var/www/vhosts/gerasko.dv.ancorathemes.com/gutentype.gerasko.dv.ancorathemes.com/wp-includes/class-wp-hook.php(303): Elementor\Frontend->apply_builder_in_content()
#19 /var/www/vhosts/gerasko.dv.ancorathemes.com/gutentype.gerasko.dv.ancorathemes.com/wp-includes/plugin.php(189): WP_Hook->apply_filters()
#20 /var/www/vhosts/gerasko.dv.ancorathemes.com/gutentype.gerasko.dv.ancorathemes.com/wp-includes/post-template.php(253): apply_filters()
#21 /var/www/vhosts/gerasko.dv.ancorathemes.com/gutentype.gerasko.dv.ancorathemes.com/wp-content/themes/gutentype/content-page.php(53): the_content()
#22 /var/www/vhosts/gerasko.dv.ancorathemes.com/gutentype.gerasko.dv.ancorathemes.com/wp-includes/template.php(772): require('...')
#23 /var/www/vhosts/gerasko.dv.ancorathemes.com/gutentype.gerasko.dv.ancorathemes.com/wp-includes/template.php(716): load_template()
#24 /var/www/vhosts/gerasko.dv.ancorathemes.com/gutentype.gerasko.dv.ancorathemes.com/wp-includes/general-template.php(204): locate_template()
#25 /var/www/vhosts/gerasko.dv.ancorathemes.com/gutentype.gerasko.dv.ancorathemes.com/wp-content/themes/gutentype/page.php(15): get_template_part()
#26 /var/www/vhosts/gerasko.dv.ancorathemes.com/gutentype.gerasko.dv.ancorathemes.com/wp-includes/template-loader.php(106): include('...')
#27 /var/www/vhosts/gerasko.dv.ancorathemes.com/gutentype.gerasko.dv.ancorathemes.com/wp-blog-header.php(19): require_once('...')
#28 /var/www/vhosts/gerasko.dv.ancorathemes.com/gutentype.gerasko.dv.ancorathemes.com/index.php(17): require('...')
#29 {main}
  thrown in /var/www/vhosts/gerasko.dv.ancorathemes.com/gutentype.gerasko.dv.ancorathemes.com/wp-content/plugins/trx_addons/templates/tpl.sc_slider_start.php on line 24

2021-07-22T08:25:20+00:00 CRITICAL Uncaught Error: Undefined constant "slider_auto_height" in /var/www/vhosts/gerasko.dv.ancorathemes.com/gutentype.gerasko.dv.ancorathemes.com/wp-content/plugins/trx_addons/templates/tpl.sc_slider_start.php:79
Stack trace:
#0 /var/www/vhosts/gerasko.dv.ancorathemes.com/gutentype.gerasko.dv.ancorathemes.com/wp-content/plugins/trx_addons/includes/plugin.utils.php(543): include()
#1 /var/www/vhosts/gerasko.dv.ancorathemes.com/gutentype.gerasko.dv.ancorathemes.com/wp-content/plugins/trx_addons/components/shortcodes/shortcodes.php(384): trx_addons_get_template_part()
#2 /var/www/vhosts/gerasko.dv.ancorathemes.com/gutentype.gerasko.dv.ancorathemes.com/wp-content/plugins/trx_addons/components/shortcodes/blogger/tpl.default.php(118): trx_addons_sc_show_slider_wrap_start()
#3 /var/www/vhosts/gerasko.dv.ancorathemes.com/gutentype.gerasko.dv.ancorathemes.com/wp-content/plugins/trx_addons/includes/plugin.utils.php(543): include('...')
#4 /var/www/vhosts/gerasko.dv.ancorathemes.com/gutentype.gerasko.dv.ancorathemes.com/wp-content/plugins/trx_addons/components/shortcodes/blogger/blogger.php(125): trx_addons_get_template_part()
#5 /var/www/vhosts/gerasko.dv.ancorathemes.com/gutentype.gerasko.dv.ancorathemes.com/wp-content/plugins/trx_addons/components/api/elementor/elementor.php(812): trx_addons_sc_blogger()
#6 /var/www/vhosts/gerasko.dv.ancorathemes.com/gutentype.gerasko.dv.ancorathemes.com/wp-content/plugins/elementor/includes/base/controls-stack.php(1892): TRX_Addons_Elementor_Widget->render()
#7 /var/www/vhosts/gerasko.dv.ancorathemes.com/gutentype.gerasko.dv.ancorathemes.com/wp-content/plugins/elementor/includes/base/widget-base.php(567): Elementor\Controls_Stack->render_by_mode()
#8 /var/www/vhosts/gerasko.dv.ancorathemes.com/gutentype.gerasko.dv.ancorathemes.com/wp-content/plugins/elementor/includes/base/widget-base.php(708): Elementor\Widget_Base->render_content()
#9 /var/www/vhosts/gerasko.dv.ancorathemes.com/gutentype.gerasko.dv.ancorathemes.com/wp-content/plugins/elementor/includes/base/element-base.php(650): Elementor\Widget_Base->print_content()
#10 /var/www/vhosts/gerasko.dv.ancorathemes.com/gutentype.gerasko.dv.ancorathemes.com/wp-content/plugins/elementor/includes/base/element-base.php(911): Elementor\Element_Base->print_element()
#11 /var/www/vhosts/gerasko.dv.ancorathemes.com/gutentype.gerasko.dv.ancorathemes.com/wp-content/plugins/elementor/includes/base/element-base.php(650): Elementor\Element_Base->print_content()
#12 /var/www/vhosts/gerasko.dv.ancorathemes.com/gutentype.gerasko.dv.ancorathemes.com/wp-content/plugins/elementor/includes/base/element-base.php(911): Elementor\Element_Base->print_element()
#13 /var/www/vhosts/gerasko.dv.ancorathemes.com/gutentype.gerasko.dv.ancorathemes.com/wp-content/plugins/elementor/includes/base/element-base.php(650): Elementor\Element_Base->print_content()
#14 /var/www/vhosts/gerasko.dv.ancorathemes.com/gutentype.gerasko.dv.ancorathemes.com/wp-content/plugins/elementor/core/base/document.php(1485): Elementor\Element_Base->print_element()
#15 /var/www/vhosts/gerasko.dv.ancorathemes.com/gutentype.gerasko.dv.ancorathemes.com/wp-content/plugins/elementor/core/base/document.php(958): Elementor\Core\Base\Document->print_elements()
#16 /var/www/vhosts/gerasko.dv.ancorathemes.com/gutentype.gerasko.dv.ancorathemes.com/wp-content/plugins/elementor/includes/frontend.php(1029): Elementor\Core\Base\Document->print_elements_with_wrapper()
#17 /var/www/vhosts/gerasko.dv.ancorathemes.com/gutentype.gerasko.dv.ancorathemes.com/wp-content/plugins/elementor/includes/frontend.php(943): Elementor\Frontend->get_builder_content()
#18 /var/www/vhosts/gerasko.dv.ancorathemes.com/gutentype.gerasko.dv.ancorathemes.com/wp-includes/class-wp-hook.php(303): Elementor\Frontend->apply_builder_in_content()
#19 /var/www/vhosts/gerasko.dv.ancorathemes.com/gutentype.gerasko.dv.ancorathemes.com/wp-includes/plugin.php(189): WP_Hook->apply_filters()
#20 /var/www/vhosts/gerasko.dv.ancorathemes.com/gutentype.gerasko.dv.ancorathemes.com/wp-includes/post-template.php(253): apply_filters()
#21 /var/www/vhosts/gerasko.dv.ancorathemes.com/gutentype.gerasko.dv.ancorathemes.com/wp-content/themes/gutentype/content-page.php(53): the_content()
#22 /var/www/vhosts/gerasko.dv.ancorathemes.com/gutentype.gerasko.dv.ancorathemes.com/wp-includes/template.php(772): require('...')
#23 /var/www/vhosts/gerasko.dv.ancorathemes.com/gutentype.gerasko.dv.ancorathemes.com/wp-includes/template.php(716): load_template()
#24 /var/www/vhosts/gerasko.dv.ancorathemes.com/gutentype.gerasko.dv.ancorathemes.com/wp-includes/general-template.php(204): locate_template()
#25 /var/www/vhosts/gerasko.dv.ancorathemes.com/gutentype.gerasko.dv.ancorathemes.com/wp-content/themes/gutentype/page.php(15): get_template_part()
#26 /var/www/vhosts/gerasko.dv.ancorathemes.com/gutentype.gerasko.dv.ancorathemes.com/wp-includes/template-loader.php(106): include('...')
#27 /var/www/vhosts/gerasko.dv.ancorathemes.com/gutentype.gerasko.dv.ancorathemes.com/wp-blog-header.php(19): require_once('...')
#28 /var/www/vhosts/gerasko.dv.ancorathemes.com/gutentype.gerasko.dv.ancorathemes.com/index.php(17): require('...')
#29 {main}
  thrown in /var/www/vhosts/gerasko.dv.ancorathemes.com/gutentype.gerasko.dv.ancorathemes.com/wp-content/plugins/trx_addons/templates/tpl.sc_slider_start.php on line 79

2021-07-22T08:26:27+00:00 CRITICAL Unmatched ')' in /var/www/vhosts/gerasko.dv.ancorathemes.com/gutentype.gerasko.dv.ancorathemes.com/wp-content/plugins/trx_addons/templates/tpl.sc_slider_start.php on line 79

