2021-07-21T07:18:13+00:00 CRITICAL Uncaught Error: Call to undefined function trx_addons_get_list_sc_slider_engines() in /var/www/vhosts/gerasko.dv.ancorathemes.com/gutentype.gerasko.dv.ancorathemes.com/wp-content/plugins/trx_addons/components/widgets/slider/slider-sc-elementor.php:138
Stack trace:
#0 /var/www/vhosts/gerasko.dv.ancorathemes.com/gutentype.gerasko.dv.ancorathemes.com/wp-content/plugins/elementor/includes/base/controls-stack.php(1951): TRX_Addons_Elementor_Widget_Slider->_register_controls()
#1 /var/www/vhosts/gerasko.dv.ancorathemes.com/gutentype.gerasko.dv.ancorathemes.com/wp-content/plugins/elementor/includes/base/controls-stack.php(461): Elementor\Controls_Stack->init_controls()
#2 /var/www/vhosts/gerasko.dv.ancorathemes.com/gutentype.gerasko.dv.ancorathemes.com/wp-content/plugins/elementor/includes/base/widget-base.php(172): Elementor\Controls_Stack->get_stack()
#3 /var/www/vhosts/gerasko.dv.ancorathemes.com/gutentype.gerasko.dv.ancorathemes.com/wp-content/plugins/elementor/includes/managers/widgets.php(274): Elementor\Widget_Base->get_stack()
#4 [internal function]: Elementor\Widgets_Manager->ajax_get_widget_types_controls_config()
#5 /var/www/vhosts/gerasko.dv.ancorathemes.com/gutentype.gerasko.dv.ancorathemes.com/wp-content/plugins/elementor/core/common/modules/ajax/module.php(171): call_user_func()
#6 /var/www/vhosts/gerasko.dv.ancorathemes.com/gutentype.gerasko.dv.ancorathemes.com/wp-includes/class-wp-hook.php(303): Elementor\Core\Common\Modules\Ajax\Module->handle_ajax_request()
#7 /var/www/vhosts/gerasko.dv.ancorathemes.com/gutentype.gerasko.dv.ancorathemes.com/wp-includes/class-wp-hook.php(327): WP_Hook->apply_filters()
#8 /var/www/vhosts/gerasko.dv.ancorathemes.com/gutentype.gerasko.dv.ancorathemes.com/wp-includes/plugin.php(470): WP_Hook->do_action()
#9 /var/www/vhosts/gerasko.dv.ancorathemes.com/gutentype.gerasko.dv.ancorathemes.com/wp-admin/admin-ajax.php(187): do_action()
#10 {main}
  thrown in /var/www/vhosts/gerasko.dv.ancorathemes.com/gutentype.gerasko.dv.ancorathemes.com/wp-content/plugins/trx_addons/components/widgets/slider/slider-sc-elementor.php on line 138

2021-07-21T07:18:23+00:00 CRITICAL Uncaught Error: Call to undefined function trx_addons_get_list_sc_slider_engines() in /var/www/vhosts/gerasko.dv.ancorathemes.com/gutentype.gerasko.dv.ancorathemes.com/wp-content/plugins/trx_addons/components/widgets/slider/slider-sc-elementor.php:138
Stack trace:
#0 /var/www/vhosts/gerasko.dv.ancorathemes.com/gutentype.gerasko.dv.ancorathemes.com/wp-content/plugins/elementor/includes/base/controls-stack.php(1951): TRX_Addons_Elementor_Widget_Slider->_register_controls()
#1 /var/www/vhosts/gerasko.dv.ancorathemes.com/gutentype.gerasko.dv.ancorathemes.com/wp-content/plugins/elementor/includes/base/controls-stack.php(461): Elementor\Controls_Stack->init_controls()
#2 /var/www/vhosts/gerasko.dv.ancorathemes.com/gutentype.gerasko.dv.ancorathemes.com/wp-content/plugins/elementor/includes/base/widget-base.php(172): Elementor\Controls_Stack->get_stack()
#3 /var/www/vhosts/gerasko.dv.ancorathemes.com/gutentype.gerasko.dv.ancorathemes.com/wp-content/plugins/elementor/includes/managers/widgets.php(274): Elementor\Widget_Base->get_stack()
#4 [internal function]: Elementor\Widgets_Manager->ajax_get_widget_types_controls_config()
#5 /var/www/vhosts/gerasko.dv.ancorathemes.com/gutentype.gerasko.dv.ancorathemes.com/wp-content/plugins/elementor/core/common/modules/ajax/module.php(171): call_user_func()
#6 /var/www/vhosts/gerasko.dv.ancorathemes.com/gutentype.gerasko.dv.ancorathemes.com/wp-includes/class-wp-hook.php(303): Elementor\Core\Common\Modules\Ajax\Module->handle_ajax_request()
#7 /var/www/vhosts/gerasko.dv.ancorathemes.com/gutentype.gerasko.dv.ancorathemes.com/wp-includes/class-wp-hook.php(327): WP_Hook->apply_filters()
#8 /var/www/vhosts/gerasko.dv.ancorathemes.com/gutentype.gerasko.dv.ancorathemes.com/wp-includes/plugin.php(470): WP_Hook->do_action()
#9 /var/www/vhosts/gerasko.dv.ancorathemes.com/gutentype.gerasko.dv.ancorathemes.com/wp-admin/admin-ajax.php(187): do_action()
#10 {main}
  thrown in /var/www/vhosts/gerasko.dv.ancorathemes.com/gutentype.gerasko.dv.ancorathemes.com/wp-content/plugins/trx_addons/components/widgets/slider/slider-sc-elementor.php on line 138

2021-07-21T07:18:45+00:00 CRITICAL Uncaught Error: Call to undefined function trx_addons_get_list_sc_slider_engines() in /var/www/vhosts/gerasko.dv.ancorathemes.com/gutentype.gerasko.dv.ancorathemes.com/wp-content/plugins/trx_addons/components/widgets/slider/slider-sc-elementor.php:138
Stack trace:
#0 /var/www/vhosts/gerasko.dv.ancorathemes.com/gutentype.gerasko.dv.ancorathemes.com/wp-content/plugins/elementor/includes/base/controls-stack.php(1951): TRX_Addons_Elementor_Widget_Slider->_register_controls()
#1 /var/www/vhosts/gerasko.dv.ancorathemes.com/gutentype.gerasko.dv.ancorathemes.com/wp-content/plugins/elementor/includes/base/controls-stack.php(461): Elementor\Controls_Stack->init_controls()
#2 /var/www/vhosts/gerasko.dv.ancorathemes.com/gutentype.gerasko.dv.ancorathemes.com/wp-content/plugins/elementor/includes/base/widget-base.php(172): Elementor\Controls_Stack->get_stack()
#3 /var/www/vhosts/gerasko.dv.ancorathemes.com/gutentype.gerasko.dv.ancorathemes.com/wp-content/plugins/elementor/includes/managers/widgets.php(274): Elementor\Widget_Base->get_stack()
#4 [internal function]: Elementor\Widgets_Manager->ajax_get_widget_types_controls_config()
#5 /var/www/vhosts/gerasko.dv.ancorathemes.com/gutentype.gerasko.dv.ancorathemes.com/wp-content/plugins/elementor/core/common/modules/ajax/module.php(171): call_user_func()
#6 /var/www/vhosts/gerasko.dv.ancorathemes.com/gutentype.gerasko.dv.ancorathemes.com/wp-includes/class-wp-hook.php(303): Elementor\Core\Common\Modules\Ajax\Module->handle_ajax_request()
#7 /var/www/vhosts/gerasko.dv.ancorathemes.com/gutentype.gerasko.dv.ancorathemes.com/wp-includes/class-wp-hook.php(327): WP_Hook->apply_filters()
#8 /var/www/vhosts/gerasko.dv.ancorathemes.com/gutentype.gerasko.dv.ancorathemes.com/wp-includes/plugin.php(470): WP_Hook->do_action()
#9 /var/www/vhosts/gerasko.dv.ancorathemes.com/gutentype.gerasko.dv.ancorathemes.com/wp-admin/admin-ajax.php(187): do_action()
#10 {main}
  thrown in /var/www/vhosts/gerasko.dv.ancorathemes.com/gutentype.gerasko.dv.ancorathemes.com/wp-content/plugins/trx_addons/components/widgets/slider/slider-sc-elementor.php on line 138

2021-07-21T07:19:10+00:00 CRITICAL Uncaught Error: Call to undefined function trx_addons_get_list_sc_slider_engines() in /var/www/vhosts/gerasko.dv.ancorathemes.com/gutentype.gerasko.dv.ancorathemes.com/wp-content/plugins/trx_addons/components/widgets/slider/slider-sc-elementor.php:138
Stack trace:
#0 /var/www/vhosts/gerasko.dv.ancorathemes.com/gutentype.gerasko.dv.ancorathemes.com/wp-content/plugins/elementor/includes/base/controls-stack.php(1951): TRX_Addons_Elementor_Widget_Slider->_register_controls()
#1 /var/www/vhosts/gerasko.dv.ancorathemes.com/gutentype.gerasko.dv.ancorathemes.com/wp-content/plugins/elementor/includes/base/controls-stack.php(461): Elementor\Controls_Stack->init_controls()
#2 /var/www/vhosts/gerasko.dv.ancorathemes.com/gutentype.gerasko.dv.ancorathemes.com/wp-content/plugins/elementor/includes/base/widget-base.php(172): Elementor\Controls_Stack->get_stack()
#3 /var/www/vhosts/gerasko.dv.ancorathemes.com/gutentype.gerasko.dv.ancorathemes.com/wp-content/plugins/elementor/includes/managers/widgets.php(274): Elementor\Widget_Base->get_stack()
#4 [internal function]: Elementor\Widgets_Manager->ajax_get_widget_types_controls_config()
#5 /var/www/vhosts/gerasko.dv.ancorathemes.com/gutentype.gerasko.dv.ancorathemes.com/wp-content/plugins/elementor/core/common/modules/ajax/module.php(171): call_user_func()
#6 /var/www/vhosts/gerasko.dv.ancorathemes.com/gutentype.gerasko.dv.ancorathemes.com/wp-includes/class-wp-hook.php(303): Elementor\Core\Common\Modules\Ajax\Module->handle_ajax_request()
#7 /var/www/vhosts/gerasko.dv.ancorathemes.com/gutentype.gerasko.dv.ancorathemes.com/wp-includes/class-wp-hook.php(327): WP_Hook->apply_filters()
#8 /var/www/vhosts/gerasko.dv.ancorathemes.com/gutentype.gerasko.dv.ancorathemes.com/wp-includes/plugin.php(470): WP_Hook->do_action()
#9 /var/www/vhosts/gerasko.dv.ancorathemes.com/gutentype.gerasko.dv.ancorathemes.com/wp-admin/admin-ajax.php(187): do_action()
#10 {main}
  thrown in /var/www/vhosts/gerasko.dv.ancorathemes.com/gutentype.gerasko.dv.ancorathemes.com/wp-content/plugins/trx_addons/components/widgets/slider/slider-sc-elementor.php on line 138

2021-07-21T08:33:31+00:00 CRITICAL Uncaught TypeError: count(): Argument #1 ($var) must be of type Countable|array, string given in /var/www/vhosts/gerasko.dv.ancorathemes.com/gutentype.gerasko.dv.ancorathemes.com/wp-content/plugins/trx_addons/components/widgets/slider/slider.php:471
Stack trace:
#0 /var/www/vhosts/gerasko.dv.ancorathemes.com/gutentype.gerasko.dv.ancorathemes.com/wp-includes/shortcodes.php(356): trx_addons_sc_widget_slider()
#1 [internal function]: do_shortcode_tag()
#2 /var/www/vhosts/gerasko.dv.ancorathemes.com/gutentype.gerasko.dv.ancorathemes.com/wp-includes/shortcodes.php(228): preg_replace_callback()
#3 /var/www/vhosts/gerasko.dv.ancorathemes.com/gutentype.gerasko.dv.ancorathemes.com/wp-includes/class-wp-hook.php(303): do_shortcode()
#4 /var/www/vhosts/gerasko.dv.ancorathemes.com/gutentype.gerasko.dv.ancorathemes.com/wp-includes/plugin.php(189): WP_Hook->apply_filters()
#5 /var/www/vhosts/gerasko.dv.ancorathemes.com/gutentype.gerasko.dv.ancorathemes.com/wp-content/themes/gutentype/includes/wp.php(81): apply_filters()
#6 /var/www/vhosts/gerasko.dv.ancorathemes.com/gutentype.gerasko.dv.ancorathemes.com/wp-content/themes/gutentype/index-simple.php(16): gutentype_blog_archive_start()
#7 /var/www/vhosts/gerasko.dv.ancorathemes.com/gutentype.gerasko.dv.ancorathemes.com/wp-includes/template.php(772): require('...')
#8 /var/www/vhosts/gerasko.dv.ancorathemes.com/gutentype.gerasko.dv.ancorathemes.com/wp-includes/template.php(716): load_template()
#9 /var/www/vhosts/gerasko.dv.ancorathemes.com/gutentype.gerasko.dv.ancorathemes.com/wp-includes/general-template.php(204): locate_template()
#10 /var/www/vhosts/gerasko.dv.ancorathemes.com/gutentype.gerasko.dv.ancorathemes.com/wp-content/themes/gutentype/blog.php(56): get_template_part()
#11 /var/www/vhosts/gerasko.dv.ancorathemes.com/gutentype.gerasko.dv.ancorathemes.com/wp-includes/template-loader.php(106): include('...')
#12 /var/www/vhosts/gerasko.dv.ancorathemes.com/gutentype.gerasko.dv.ancorathemes.com/wp-blog-header.php(19): require_once('...')
#13 /var/www/vhosts/gerasko.dv.ancorathemes.com/gutentype.gerasko.dv.ancorathemes.com/index.php(17): require('...')
#14 {main}
  thrown in /var/www/vhosts/gerasko.dv.ancorathemes.com/gutentype.gerasko.dv.ancorathemes.com/wp-content/plugins/trx_addons/components/widgets/slider/slider.php on line 471

2021-07-21T09:31:34+00:00 CRITICAL Uncaught TypeError: count(): Argument #1 ($var) must be of type Countable|array, string given in /var/www/vhosts/gerasko.dv.ancorathemes.com/gutentype.gerasko.dv.ancorathemes.com/wp-content/plugins/trx_addons/components/widgets/slider/slider.php:471
Stack trace:
#0 /var/www/vhosts/gerasko.dv.ancorathemes.com/gutentype.gerasko.dv.ancorathemes.com/wp-includes/shortcodes.php(356): trx_addons_sc_widget_slider()
#1 [internal function]: do_shortcode_tag()
#2 /var/www/vhosts/gerasko.dv.ancorathemes.com/gutentype.gerasko.dv.ancorathemes.com/wp-includes/shortcodes.php(228): preg_replace_callback()
#3 /var/www/vhosts/gerasko.dv.ancorathemes.com/gutentype.gerasko.dv.ancorathemes.com/wp-includes/class-wp-hook.php(303): do_shortcode()
#4 /var/www/vhosts/gerasko.dv.ancorathemes.com/gutentype.gerasko.dv.ancorathemes.com/wp-includes/plugin.php(189): WP_Hook->apply_filters()
#5 /var/www/vhosts/gerasko.dv.ancorathemes.com/gutentype.gerasko.dv.ancorathemes.com/wp-content/themes/gutentype/includes/wp.php(81): apply_filters()
#6 /var/www/vhosts/gerasko.dv.ancorathemes.com/gutentype.gerasko.dv.ancorathemes.com/wp-content/themes/gutentype/index-simple.php(16): gutentype_blog_archive_start()
#7 /var/www/vhosts/gerasko.dv.ancorathemes.com/gutentype.gerasko.dv.ancorathemes.com/wp-includes/template.php(772): require('...')
#8 /var/www/vhosts/gerasko.dv.ancorathemes.com/gutentype.gerasko.dv.ancorathemes.com/wp-includes/template.php(716): load_template()
#9 /var/www/vhosts/gerasko.dv.ancorathemes.com/gutentype.gerasko.dv.ancorathemes.com/wp-includes/general-template.php(204): locate_template()
#10 /var/www/vhosts/gerasko.dv.ancorathemes.com/gutentype.gerasko.dv.ancorathemes.com/wp-content/themes/gutentype/blog.php(56): get_template_part()
#11 /var/www/vhosts/gerasko.dv.ancorathemes.com/gutentype.gerasko.dv.ancorathemes.com/wp-includes/template-loader.php(106): include('...')
#12 /var/www/vhosts/gerasko.dv.ancorathemes.com/gutentype.gerasko.dv.ancorathemes.com/wp-blog-header.php(19): require_once('...')
#13 /var/www/vhosts/gerasko.dv.ancorathemes.com/gutentype.gerasko.dv.ancorathemes.com/index.php(17): require('...')
#14 {main}
  thrown in /var/www/vhosts/gerasko.dv.ancorathemes.com/gutentype.gerasko.dv.ancorathemes.com/wp-content/plugins/trx_addons/components/widgets/slider/slider.php on line 471

2021-07-21T09:36:24+00:00 CRITICAL Uncaught TypeError: count(): Argument #1 ($var) must be of type Countable|array, string given in /var/www/vhosts/gerasko.dv.ancorathemes.com/gutentype.gerasko.dv.ancorathemes.com/wp-content/plugins/trx_addons/components/widgets/slider/slider.php:471
Stack trace:
#0 /var/www/vhosts/gerasko.dv.ancorathemes.com/gutentype.gerasko.dv.ancorathemes.com/wp-includes/shortcodes.php(356): trx_addons_sc_widget_slider()
#1 [internal function]: do_shortcode_tag()
#2 /var/www/vhosts/gerasko.dv.ancorathemes.com/gutentype.gerasko.dv.ancorathemes.com/wp-includes/shortcodes.php(228): preg_replace_callback()
#3 /var/www/vhosts/gerasko.dv.ancorathemes.com/gutentype.gerasko.dv.ancorathemes.com/wp-includes/class-wp-hook.php(303): do_shortcode()
#4 /var/www/vhosts/gerasko.dv.ancorathemes.com/gutentype.gerasko.dv.ancorathemes.com/wp-includes/plugin.php(189): WP_Hook->apply_filters()
#5 /var/www/vhosts/gerasko.dv.ancorathemes.com/gutentype.gerasko.dv.ancorathemes.com/wp-content/themes/gutentype/includes/wp.php(81): apply_filters()
#6 /var/www/vhosts/gerasko.dv.ancorathemes.com/gutentype.gerasko.dv.ancorathemes.com/wp-content/themes/gutentype/index-simple.php(16): gutentype_blog_archive_start()
#7 /var/www/vhosts/gerasko.dv.ancorathemes.com/gutentype.gerasko.dv.ancorathemes.com/wp-includes/template.php(772): require('...')
#8 /var/www/vhosts/gerasko.dv.ancorathemes.com/gutentype.gerasko.dv.ancorathemes.com/wp-includes/template.php(716): load_template()
#9 /var/www/vhosts/gerasko.dv.ancorathemes.com/gutentype.gerasko.dv.ancorathemes.com/wp-includes/general-template.php(204): locate_template()
#10 /var/www/vhosts/gerasko.dv.ancorathemes.com/gutentype.gerasko.dv.ancorathemes.com/wp-content/themes/gutentype/blog.php(56): get_template_part()
#11 /var/www/vhosts/gerasko.dv.ancorathemes.com/gutentype.gerasko.dv.ancorathemes.com/wp-includes/template-loader.php(106): include('...')
#12 /var/www/vhosts/gerasko.dv.ancorathemes.com/gutentype.gerasko.dv.ancorathemes.com/wp-blog-header.php(19): require_once('...')
#13 /var/www/vhosts/gerasko.dv.ancorathemes.com/gutentype.gerasko.dv.ancorathemes.com/index.php(17): require('...')
#14 {main}
  thrown in /var/www/vhosts/gerasko.dv.ancorathemes.com/gutentype.gerasko.dv.ancorathemes.com/wp-content/plugins/trx_addons/components/widgets/slider/slider.php on line 471

2021-07-21T09:36:40+00:00 CRITICAL Uncaught TypeError: count(): Argument #1 ($var) must be of type Countable|array, string given in /var/www/vhosts/gerasko.dv.ancorathemes.com/gutentype.gerasko.dv.ancorathemes.com/wp-content/plugins/trx_addons/components/widgets/slider/slider.php:471
Stack trace:
#0 /var/www/vhosts/gerasko.dv.ancorathemes.com/gutentype.gerasko.dv.ancorathemes.com/wp-includes/shortcodes.php(356): trx_addons_sc_widget_slider()
#1 [internal function]: do_shortcode_tag()
#2 /var/www/vhosts/gerasko.dv.ancorathemes.com/gutentype.gerasko.dv.ancorathemes.com/wp-includes/shortcodes.php(228): preg_replace_callback()
#3 /var/www/vhosts/gerasko.dv.ancorathemes.com/gutentype.gerasko.dv.ancorathemes.com/wp-includes/class-wp-hook.php(303): do_shortcode()
#4 /var/www/vhosts/gerasko.dv.ancorathemes.com/gutentype.gerasko.dv.ancorathemes.com/wp-includes/plugin.php(189): WP_Hook->apply_filters()
#5 /var/www/vhosts/gerasko.dv.ancorathemes.com/gutentype.gerasko.dv.ancorathemes.com/wp-content/themes/gutentype/includes/wp.php(81): apply_filters()
#6 /var/www/vhosts/gerasko.dv.ancorathemes.com/gutentype.gerasko.dv.ancorathemes.com/wp-content/themes/gutentype/index-simple.php(16): gutentype_blog_archive_start()
#7 /var/www/vhosts/gerasko.dv.ancorathemes.com/gutentype.gerasko.dv.ancorathemes.com/wp-includes/template.php(772): require('...')
#8 /var/www/vhosts/gerasko.dv.ancorathemes.com/gutentype.gerasko.dv.ancorathemes.com/wp-includes/template.php(716): load_template()
#9 /var/www/vhosts/gerasko.dv.ancorathemes.com/gutentype.gerasko.dv.ancorathemes.com/wp-includes/general-template.php(204): locate_template()
#10 /var/www/vhosts/gerasko.dv.ancorathemes.com/gutentype.gerasko.dv.ancorathemes.com/wp-content/themes/gutentype/blog.php(56): get_template_part()
#11 /var/www/vhosts/gerasko.dv.ancorathemes.com/gutentype.gerasko.dv.ancorathemes.com/wp-includes/template-loader.php(106): include('...')
#12 /var/www/vhosts/gerasko.dv.ancorathemes.com/gutentype.gerasko.dv.ancorathemes.com/wp-blog-header.php(19): require_once('...')
#13 /var/www/vhosts/gerasko.dv.ancorathemes.com/gutentype.gerasko.dv.ancorathemes.com/index.php(17): require('...')
#14 {main}
  thrown in /var/www/vhosts/gerasko.dv.ancorathemes.com/gutentype.gerasko.dv.ancorathemes.com/wp-content/plugins/trx_addons/components/widgets/slider/slider.php on line 471

2021-07-21T09:36:45+00:00 CRITICAL Uncaught TypeError: count(): Argument #1 ($var) must be of type Countable|array, string given in /var/www/vhosts/gerasko.dv.ancorathemes.com/gutentype.gerasko.dv.ancorathemes.com/wp-content/plugins/trx_addons/components/widgets/slider/slider.php:471
Stack trace:
#0 /var/www/vhosts/gerasko.dv.ancorathemes.com/gutentype.gerasko.dv.ancorathemes.com/wp-includes/shortcodes.php(356): trx_addons_sc_widget_slider()
#1 [internal function]: do_shortcode_tag()
#2 /var/www/vhosts/gerasko.dv.ancorathemes.com/gutentype.gerasko.dv.ancorathemes.com/wp-includes/shortcodes.php(228): preg_replace_callback()
#3 /var/www/vhosts/gerasko.dv.ancorathemes.com/gutentype.gerasko.dv.ancorathemes.com/wp-includes/class-wp-hook.php(303): do_shortcode()
#4 /var/www/vhosts/gerasko.dv.ancorathemes.com/gutentype.gerasko.dv.ancorathemes.com/wp-includes/plugin.php(189): WP_Hook->apply_filters()
#5 /var/www/vhosts/gerasko.dv.ancorathemes.com/gutentype.gerasko.dv.ancorathemes.com/wp-content/themes/gutentype/includes/wp.php(81): apply_filters()
#6 /var/www/vhosts/gerasko.dv.ancorathemes.com/gutentype.gerasko.dv.ancorathemes.com/wp-content/themes/gutentype/index-simple.php(16): gutentype_blog_archive_start()
#7 /var/www/vhosts/gerasko.dv.ancorathemes.com/gutentype.gerasko.dv.ancorathemes.com/wp-includes/template.php(772): require('...')
#8 /var/www/vhosts/gerasko.dv.ancorathemes.com/gutentype.gerasko.dv.ancorathemes.com/wp-includes/template.php(716): load_template()
#9 /var/www/vhosts/gerasko.dv.ancorathemes.com/gutentype.gerasko.dv.ancorathemes.com/wp-includes/general-template.php(204): locate_template()
#10 /var/www/vhosts/gerasko.dv.ancorathemes.com/gutentype.gerasko.dv.ancorathemes.com/wp-content/themes/gutentype/blog.php(56): get_template_part()
#11 /var/www/vhosts/gerasko.dv.ancorathemes.com/gutentype.gerasko.dv.ancorathemes.com/wp-includes/template-loader.php(106): include('...')
#12 /var/www/vhosts/gerasko.dv.ancorathemes.com/gutentype.gerasko.dv.ancorathemes.com/wp-blog-header.php(19): require_once('...')
#13 /var/www/vhosts/gerasko.dv.ancorathemes.com/gutentype.gerasko.dv.ancorathemes.com/index.php(17): require('...')
#14 {main}
  thrown in /var/www/vhosts/gerasko.dv.ancorathemes.com/gutentype.gerasko.dv.ancorathemes.com/wp-content/plugins/trx_addons/components/widgets/slider/slider.php on line 471

2021-07-21T09:46:42+00:00 CRITICAL Uncaught TypeError: count(): Argument #1 ($var) must be of type Countable|array, string given in /var/www/vhosts/gerasko.dv.ancorathemes.com/gutentype.gerasko.dv.ancorathemes.com/wp-content/plugins/trx_addons/components/widgets/slider/slider.php:471
Stack trace:
#0 /var/www/vhosts/gerasko.dv.ancorathemes.com/gutentype.gerasko.dv.ancorathemes.com/wp-includes/shortcodes.php(356): trx_addons_sc_widget_slider()
#1 [internal function]: do_shortcode_tag()
#2 /var/www/vhosts/gerasko.dv.ancorathemes.com/gutentype.gerasko.dv.ancorathemes.com/wp-includes/shortcodes.php(228): preg_replace_callback()
#3 /var/www/vhosts/gerasko.dv.ancorathemes.com/gutentype.gerasko.dv.ancorathemes.com/wp-includes/class-wp-hook.php(303): do_shortcode()
#4 /var/www/vhosts/gerasko.dv.ancorathemes.com/gutentype.gerasko.dv.ancorathemes.com/wp-includes/plugin.php(189): WP_Hook->apply_filters()
#5 /var/www/vhosts/gerasko.dv.ancorathemes.com/gutentype.gerasko.dv.ancorathemes.com/wp-content/themes/gutentype/includes/wp.php(81): apply_filters()
#6 /var/www/vhosts/gerasko.dv.ancorathemes.com/gutentype.gerasko.dv.ancorathemes.com/wp-content/themes/gutentype/index-simple.php(16): gutentype_blog_archive_start()
#7 /var/www/vhosts/gerasko.dv.ancorathemes.com/gutentype.gerasko.dv.ancorathemes.com/wp-includes/template.php(772): require('...')
#8 /var/www/vhosts/gerasko.dv.ancorathemes.com/gutentype.gerasko.dv.ancorathemes.com/wp-includes/template.php(716): load_template()
#9 /var/www/vhosts/gerasko.dv.ancorathemes.com/gutentype.gerasko.dv.ancorathemes.com/wp-includes/general-template.php(204): locate_template()
#10 /var/www/vhosts/gerasko.dv.ancorathemes.com/gutentype.gerasko.dv.ancorathemes.com/wp-content/themes/gutentype/blog.php(56): get_template_part()
#11 /var/www/vhosts/gerasko.dv.ancorathemes.com/gutentype.gerasko.dv.ancorathemes.com/wp-includes/template-loader.php(106): include('...')
#12 /var/www/vhosts/gerasko.dv.ancorathemes.com/gutentype.gerasko.dv.ancorathemes.com/wp-blog-header.php(19): require_once('...')
#13 /var/www/vhosts/gerasko.dv.ancorathemes.com/gutentype.gerasko.dv.ancorathemes.com/index.php(17): require('...')
#14 {main}
  thrown in /var/www/vhosts/gerasko.dv.ancorathemes.com/gutentype.gerasko.dv.ancorathemes.com/wp-content/plugins/trx_addons/components/widgets/slider/slider.php on line 471

2021-07-21T09:51:18+00:00 CRITICAL Uncaught Error: Call to undefined function trx_addons_sc_common_atts() in /var/www/vhosts/gerasko.dv.ancorathemes.com/gutentype.gerasko.dv.ancorathemes.com/wp-content/plugins/trx_addons/components/widgets/slider/slider-sc.php:26
Stack trace:
#0 /var/www/vhosts/gerasko.dv.ancorathemes.com/gutentype.gerasko.dv.ancorathemes.com/wp-includes/shortcodes.php(356): trx_addons_sc_widget_slider()
#1 [internal function]: do_shortcode_tag()
#2 /var/www/vhosts/gerasko.dv.ancorathemes.com/gutentype.gerasko.dv.ancorathemes.com/wp-includes/shortcodes.php(228): preg_replace_callback()
#3 /var/www/vhosts/gerasko.dv.ancorathemes.com/gutentype.gerasko.dv.ancorathemes.com/wp-includes/class-wp-hook.php(303): do_shortcode()
#4 /var/www/vhosts/gerasko.dv.ancorathemes.com/gutentype.gerasko.dv.ancorathemes.com/wp-includes/plugin.php(189): WP_Hook->apply_filters()
#5 /var/www/vhosts/gerasko.dv.ancorathemes.com/gutentype.gerasko.dv.ancorathemes.com/wp-content/themes/gutentype/includes/wp.php(81): apply_filters()
#6 /var/www/vhosts/gerasko.dv.ancorathemes.com/gutentype.gerasko.dv.ancorathemes.com/wp-content/themes/gutentype/index-simple.php(16): gutentype_blog_archive_start()
#7 /var/www/vhosts/gerasko.dv.ancorathemes.com/gutentype.gerasko.dv.ancorathemes.com/wp-includes/template.php(772): require('...')
#8 /var/www/vhosts/gerasko.dv.ancorathemes.com/gutentype.gerasko.dv.ancorathemes.com/wp-includes/template.php(716): load_template()
#9 /var/www/vhosts/gerasko.dv.ancorathemes.com/gutentype.gerasko.dv.ancorathemes.com/wp-includes/general-template.php(204): locate_template()
#10 /var/www/vhosts/gerasko.dv.ancorathemes.com/gutentype.gerasko.dv.ancorathemes.com/wp-content/themes/gutentype/blog.php(56): get_template_part()
#11 /var/www/vhosts/gerasko.dv.ancorathemes.com/gutentype.gerasko.dv.ancorathemes.com/wp-includes/template-loader.php(106): include('...')
#12 /var/www/vhosts/gerasko.dv.ancorathemes.com/gutentype.gerasko.dv.ancorathemes.com/wp-blog-header.php(19): require_once('...')
#13 /var/www/vhosts/gerasko.dv.ancorathemes.com/gutentype.gerasko.dv.ancorathemes.com/index.php(17): require('...')
#14 {main}
  thrown in /var/www/vhosts/gerasko.dv.ancorathemes.com/gutentype.gerasko.dv.ancorathemes.com/wp-content/plugins/trx_addons/components/widgets/slider/slider-sc.php on line 26

2021-07-21T09:51:21+00:00 CRITICAL Uncaught Error: Call to undefined function trx_addons_sc_common_atts() in /var/www/vhosts/gerasko.dv.ancorathemes.com/gutentype.gerasko.dv.ancorathemes.com/wp-content/plugins/trx_addons/components/widgets/slider/slider-sc.php:26
Stack trace:
#0 /var/www/vhosts/gerasko.dv.ancorathemes.com/gutentype.gerasko.dv.ancorathemes.com/wp-includes/shortcodes.php(356): trx_addons_sc_widget_slider()
#1 [internal function]: do_shortcode_tag()
#2 /var/www/vhosts/gerasko.dv.ancorathemes.com/gutentype.gerasko.dv.ancorathemes.com/wp-includes/shortcodes.php(228): preg_replace_callback()
#3 /var/www/vhosts/gerasko.dv.ancorathemes.com/gutentype.gerasko.dv.ancorathemes.com/wp-includes/class-wp-hook.php(303): do_shortcode()
#4 /var/www/vhosts/gerasko.dv.ancorathemes.com/gutentype.gerasko.dv.ancorathemes.com/wp-includes/plugin.php(189): WP_Hook->apply_filters()
#5 /var/www/vhosts/gerasko.dv.ancorathemes.com/gutentype.gerasko.dv.ancorathemes.com/wp-content/themes/gutentype/includes/wp.php(81): apply_filters()
#6 /var/www/vhosts/gerasko.dv.ancorathemes.com/gutentype.gerasko.dv.ancorathemes.com/wp-content/themes/gutentype/index-simple.php(16): gutentype_blog_archive_start()
#7 /var/www/vhosts/gerasko.dv.ancorathemes.com/gutentype.gerasko.dv.ancorathemes.com/wp-includes/template.php(772): require('...')
#8 /var/www/vhosts/gerasko.dv.ancorathemes.com/gutentype.gerasko.dv.ancorathemes.com/wp-includes/template.php(716): load_template()
#9 /var/www/vhosts/gerasko.dv.ancorathemes.com/gutentype.gerasko.dv.ancorathemes.com/wp-includes/general-template.php(204): locate_template()
#10 /var/www/vhosts/gerasko.dv.ancorathemes.com/gutentype.gerasko.dv.ancorathemes.com/wp-content/themes/gutentype/blog.php(56): get_template_part()
#11 /var/www/vhosts/gerasko.dv.ancorathemes.com/gutentype.gerasko.dv.ancorathemes.com/wp-includes/template-loader.php(106): include('...')
#12 /var/www/vhosts/gerasko.dv.ancorathemes.com/gutentype.gerasko.dv.ancorathemes.com/wp-blog-header.php(19): require_once('...')
#13 /var/www/vhosts/gerasko.dv.ancorathemes.com/gutentype.gerasko.dv.ancorathemes.com/index.php(17): require('...')
#14 {main}
  thrown in /var/www/vhosts/gerasko.dv.ancorathemes.com/gutentype.gerasko.dv.ancorathemes.com/wp-content/plugins/trx_addons/components/widgets/slider/slider-sc.php on line 26

2021-07-21T09:51:53+00:00 CRITICAL Uncaught TypeError: count(): Argument #1 ($var) must be of type Countable|array, string given in /var/www/vhosts/gerasko.dv.ancorathemes.com/gutentype.gerasko.dv.ancorathemes.com/wp-content/plugins/trx_addons/components/widgets/slider/slider.php:471
Stack trace:
#0 /var/www/vhosts/gerasko.dv.ancorathemes.com/gutentype.gerasko.dv.ancorathemes.com/wp-includes/shortcodes.php(356): trx_addons_sc_widget_slider()
#1 [internal function]: do_shortcode_tag()
#2 /var/www/vhosts/gerasko.dv.ancorathemes.com/gutentype.gerasko.dv.ancorathemes.com/wp-includes/shortcodes.php(228): preg_replace_callback()
#3 /var/www/vhosts/gerasko.dv.ancorathemes.com/gutentype.gerasko.dv.ancorathemes.com/wp-includes/class-wp-hook.php(303): do_shortcode()
#4 /var/www/vhosts/gerasko.dv.ancorathemes.com/gutentype.gerasko.dv.ancorathemes.com/wp-includes/plugin.php(189): WP_Hook->apply_filters()
#5 /var/www/vhosts/gerasko.dv.ancorathemes.com/gutentype.gerasko.dv.ancorathemes.com/wp-content/themes/gutentype/includes/wp.php(81): apply_filters()
#6 /var/www/vhosts/gerasko.dv.ancorathemes.com/gutentype.gerasko.dv.ancorathemes.com/wp-content/themes/gutentype/index-simple.php(16): gutentype_blog_archive_start()
#7 /var/www/vhosts/gerasko.dv.ancorathemes.com/gutentype.gerasko.dv.ancorathemes.com/wp-includes/template.php(772): require('...')
#8 /var/www/vhosts/gerasko.dv.ancorathemes.com/gutentype.gerasko.dv.ancorathemes.com/wp-includes/template.php(716): load_template()
#9 /var/www/vhosts/gerasko.dv.ancorathemes.com/gutentype.gerasko.dv.ancorathemes.com/wp-includes/general-template.php(204): locate_template()
#10 /var/www/vhosts/gerasko.dv.ancorathemes.com/gutentype.gerasko.dv.ancorathemes.com/wp-content/themes/gutentype/blog.php(56): get_template_part()
#11 /var/www/vhosts/gerasko.dv.ancorathemes.com/gutentype.gerasko.dv.ancorathemes.com/wp-includes/template-loader.php(106): include('...')
#12 /var/www/vhosts/gerasko.dv.ancorathemes.com/gutentype.gerasko.dv.ancorathemes.com/wp-blog-header.php(19): require_once('...')
#13 /var/www/vhosts/gerasko.dv.ancorathemes.com/gutentype.gerasko.dv.ancorathemes.com/index.php(17): require('...')
#14 {main}
  thrown in /var/www/vhosts/gerasko.dv.ancorathemes.com/gutentype.gerasko.dv.ancorathemes.com/wp-content/plugins/trx_addons/components/widgets/slider/slider.php on line 471

2021-07-21T10:20:31+00:00 CRITICAL Uncaught TypeError: count(): Argument #1 ($var) must be of type Countable|array, string given in /var/www/vhosts/gerasko.dv.ancorathemes.com/gutentype.gerasko.dv.ancorathemes.com/wp-content/plugins/trx_addons/components/widgets/slider/slider.php:471
Stack trace:
#0 /var/www/vhosts/gerasko.dv.ancorathemes.com/gutentype.gerasko.dv.ancorathemes.com/wp-includes/shortcodes.php(356): trx_addons_sc_widget_slider()
#1 [internal function]: do_shortcode_tag()
#2 /var/www/vhosts/gerasko.dv.ancorathemes.com/gutentype.gerasko.dv.ancorathemes.com/wp-includes/shortcodes.php(228): preg_replace_callback()
#3 /var/www/vhosts/gerasko.dv.ancorathemes.com/gutentype.gerasko.dv.ancorathemes.com/wp-includes/class-wp-hook.php(303): do_shortcode()
#4 /var/www/vhosts/gerasko.dv.ancorathemes.com/gutentype.gerasko.dv.ancorathemes.com/wp-includes/plugin.php(189): WP_Hook->apply_filters()
#5 /var/www/vhosts/gerasko.dv.ancorathemes.com/gutentype.gerasko.dv.ancorathemes.com/wp-content/themes/gutentype/includes/wp.php(81): apply_filters()
#6 /var/www/vhosts/gerasko.dv.ancorathemes.com/gutentype.gerasko.dv.ancorathemes.com/wp-content/themes/gutentype/index-simple.php(16): gutentype_blog_archive_start()
#7 /var/www/vhosts/gerasko.dv.ancorathemes.com/gutentype.gerasko.dv.ancorathemes.com/wp-includes/template.php(772): require('...')
#8 /var/www/vhosts/gerasko.dv.ancorathemes.com/gutentype.gerasko.dv.ancorathemes.com/wp-includes/template.php(716): load_template()
#9 /var/www/vhosts/gerasko.dv.ancorathemes.com/gutentype.gerasko.dv.ancorathemes.com/wp-includes/general-template.php(204): locate_template()
#10 /var/www/vhosts/gerasko.dv.ancorathemes.com/gutentype.gerasko.dv.ancorathemes.com/wp-content/themes/gutentype/blog.php(56): get_template_part()
#11 /var/www/vhosts/gerasko.dv.ancorathemes.com/gutentype.gerasko.dv.ancorathemes.com/wp-includes/template-loader.php(106): include('...')
#12 /var/www/vhosts/gerasko.dv.ancorathemes.com/gutentype.gerasko.dv.ancorathemes.com/wp-blog-header.php(19): require_once('...')
#13 /var/www/vhosts/gerasko.dv.ancorathemes.com/gutentype.gerasko.dv.ancorathemes.com/index.php(17): require('...')
#14 {main}
  thrown in /var/www/vhosts/gerasko.dv.ancorathemes.com/gutentype.gerasko.dv.ancorathemes.com/wp-content/plugins/trx_addons/components/widgets/slider/slider.php on line 471

2021-07-21T10:20:52+00:00 CRITICAL Uncaught TypeError: count(): Argument #1 ($var) must be of type Countable|array, string given in /var/www/vhosts/gerasko.dv.ancorathemes.com/gutentype.gerasko.dv.ancorathemes.com/wp-content/plugins/trx_addons/components/widgets/slider/slider.php:471
Stack trace:
#0 /var/www/vhosts/gerasko.dv.ancorathemes.com/gutentype.gerasko.dv.ancorathemes.com/wp-includes/shortcodes.php(356): trx_addons_sc_widget_slider()
#1 [internal function]: do_shortcode_tag()
#2 /var/www/vhosts/gerasko.dv.ancorathemes.com/gutentype.gerasko.dv.ancorathemes.com/wp-includes/shortcodes.php(228): preg_replace_callback()
#3 /var/www/vhosts/gerasko.dv.ancorathemes.com/gutentype.gerasko.dv.ancorathemes.com/wp-includes/class-wp-hook.php(303): do_shortcode()
#4 /var/www/vhosts/gerasko.dv.ancorathemes.com/gutentype.gerasko.dv.ancorathemes.com/wp-includes/plugin.php(189): WP_Hook->apply_filters()
#5 /var/www/vhosts/gerasko.dv.ancorathemes.com/gutentype.gerasko.dv.ancorathemes.com/wp-content/themes/gutentype/includes/wp.php(81): apply_filters()
#6 /var/www/vhosts/gerasko.dv.ancorathemes.com/gutentype.gerasko.dv.ancorathemes.com/wp-content/themes/gutentype/index-simple.php(16): gutentype_blog_archive_start()
#7 /var/www/vhosts/gerasko.dv.ancorathemes.com/gutentype.gerasko.dv.ancorathemes.com/wp-includes/template.php(772): require('...')
#8 /var/www/vhosts/gerasko.dv.ancorathemes.com/gutentype.gerasko.dv.ancorathemes.com/wp-includes/template.php(716): load_template()
#9 /var/www/vhosts/gerasko.dv.ancorathemes.com/gutentype.gerasko.dv.ancorathemes.com/wp-includes/general-template.php(204): locate_template()
#10 /var/www/vhosts/gerasko.dv.ancorathemes.com/gutentype.gerasko.dv.ancorathemes.com/wp-content/themes/gutentype/blog.php(56): get_template_part()
#11 /var/www/vhosts/gerasko.dv.ancorathemes.com/gutentype.gerasko.dv.ancorathemes.com/wp-includes/template-loader.php(106): include('...')
#12 /var/www/vhosts/gerasko.dv.ancorathemes.com/gutentype.gerasko.dv.ancorathemes.com/wp-blog-header.php(19): require_once('...')
#13 /var/www/vhosts/gerasko.dv.ancorathemes.com/gutentype.gerasko.dv.ancorathemes.com/index.php(17): require('...')
#14 {main}
  thrown in /var/www/vhosts/gerasko.dv.ancorathemes.com/gutentype.gerasko.dv.ancorathemes.com/wp-content/plugins/trx_addons/components/widgets/slider/slider.php on line 471

2021-07-21T10:22:31+00:00 CRITICAL Uncaught TypeError: count(): Argument #1 ($var) must be of type Countable|array, string given in /var/www/vhosts/gerasko.dv.ancorathemes.com/gutentype.gerasko.dv.ancorathemes.com/wp-content/plugins/trx_addons/components/widgets/slider/slider.php:470
Stack trace:
#0 /var/www/vhosts/gerasko.dv.ancorathemes.com/gutentype.gerasko.dv.ancorathemes.com/wp-includes/shortcodes.php(356): trx_addons_sc_widget_slider()
#1 [internal function]: do_shortcode_tag()
#2 /var/www/vhosts/gerasko.dv.ancorathemes.com/gutentype.gerasko.dv.ancorathemes.com/wp-includes/shortcodes.php(228): preg_replace_callback()
#3 /var/www/vhosts/gerasko.dv.ancorathemes.com/gutentype.gerasko.dv.ancorathemes.com/wp-includes/class-wp-hook.php(303): do_shortcode()
#4 /var/www/vhosts/gerasko.dv.ancorathemes.com/gutentype.gerasko.dv.ancorathemes.com/wp-includes/plugin.php(189): WP_Hook->apply_filters()
#5 /var/www/vhosts/gerasko.dv.ancorathemes.com/gutentype.gerasko.dv.ancorathemes.com/wp-content/themes/gutentype/includes/wp.php(81): apply_filters()
#6 /var/www/vhosts/gerasko.dv.ancorathemes.com/gutentype.gerasko.dv.ancorathemes.com/wp-content/themes/gutentype/index-simple.php(16): gutentype_blog_archive_start()
#7 /var/www/vhosts/gerasko.dv.ancorathemes.com/gutentype.gerasko.dv.ancorathemes.com/wp-includes/template.php(772): require('...')
#8 /var/www/vhosts/gerasko.dv.ancorathemes.com/gutentype.gerasko.dv.ancorathemes.com/wp-includes/template.php(716): load_template()
#9 /var/www/vhosts/gerasko.dv.ancorathemes.com/gutentype.gerasko.dv.ancorathemes.com/wp-includes/general-template.php(204): locate_template()
#10 /var/www/vhosts/gerasko.dv.ancorathemes.com/gutentype.gerasko.dv.ancorathemes.com/wp-content/themes/gutentype/blog.php(56): get_template_part()
#11 /var/www/vhosts/gerasko.dv.ancorathemes.com/gutentype.gerasko.dv.ancorathemes.com/wp-includes/template-loader.php(106): include('...')
#12 /var/www/vhosts/gerasko.dv.ancorathemes.com/gutentype.gerasko.dv.ancorathemes.com/wp-blog-header.php(19): require_once('...')
#13 /var/www/vhosts/gerasko.dv.ancorathemes.com/gutentype.gerasko.dv.ancorathemes.com/index.php(17): require('...')
#14 {main}
  thrown in /var/www/vhosts/gerasko.dv.ancorathemes.com/gutentype.gerasko.dv.ancorathemes.com/wp-content/plugins/trx_addons/components/widgets/slider/slider.php on line 470

2021-07-21T10:22:43+00:00 CRITICAL syntax error, unexpected token "protected", expecting end of file in /var/www/vhosts/gerasko.dv.ancorathemes.com/gutentype.gerasko.dv.ancorathemes.com/wp-content/plugins/trx_addons/components/widgets/slider/slider.php on line 678

2021-07-21T10:23:55+00:00 CRITICAL syntax error, unexpected token "protected", expecting end of file in /var/www/vhosts/gerasko.dv.ancorathemes.com/gutentype.gerasko.dv.ancorathemes.com/wp-content/plugins/trx_addons/components/widgets/slider/slider.php on line 678

